electron/main.ts(413,147): error TS2307: Cannot find module './shared/songTypes' or its corresponding type declarations.
src/components/StreamModeView.tsx(22,11): error TS6133: 'queue' is declared but its value is never read.
src/components/StreamModeView.tsx(22,18): error TS6133: 'currentIndex' is declared but its value is never read.
src/contexts/QueueContext.tsx(34,12): error TS6133: 'historyStack' is declared but its value is never read.
